2026-09-22T07:15:28.676242 === LMCI: 22 acquisitions to process (n_procs=1) ===
2026-09-22T07:15:32.259256 template=/home/harish/.cache/templateflow/tpl-MNI152NLin6Asym/tpl-MNI152NLin6Asym_res-02_desc-brain_T1w.nii.gz
2026-09-22T07:15:32.259697 WM/CSF mapping (template-level, precomputed): no_transform
2026-09-22T07:17:37.019648 FAIL sub-002S4171/ses-01/run-01: invalid filter band for TR=6.02158260345459 (Nyquist=0.08303464934835393)
2026-09-22T07:19:39.696453 WARN sub-002S4171/ses-02/run-01  reg=14.2s warp=35.6s total=122.5s FD_mean=0.229 tSNR=158.9
2026-09-22T07:22:14.666183 WARN sub-002S4219/ses-01/run-01  reg=14.5s warp=61.9s total=154.7s FD_mean=0.250 tSNR=134.6
2026-09-22T07:23:59.906656 WARN sub-002S4251/ses-01/run-01  reg=10.2s warp=29.1s total=104.9s FD_mean=0.217 tSNR=112.5
2026-09-22T07:25:38.073243 WARN sub-002S4521/ses-01/run-01  reg=8.2s warp=28.3s total=98.0s FD_mean=0.224 tSNR=152.8
2026-09-22T07:27:16.842544 WARN sub-002S4654/ses-01/run-01  reg=7.2s warp=29.4s total=98.5s FD_mean=0.212 tSNR=167.7
2026-09-22T07:29:06.158955 WARN sub-002S4746/ses-01/run-01  reg=9.6s warp=36.6s total=109.1s FD_mean=0.315 tSNR=120.3
2026-09-22T07:30:55.379508 WARN sub-006S4346/ses-01/run-01  reg=8.0s warp=38.0s total=109.0s FD_mean=0.253 tSNR=139.7
2026-09-22T07:32:35.266593 WARN sub-006S4363/ses-01/run-01  reg=8.4s warp=28.3s total=99.7s FD_mean=0.434 tSNR=103.4
2026-09-22T07:35:08.097087 WARN sub-006S4515/ses-01/run-01  reg=12.2s warp=76.1s total=152.6s FD_mean=0.433 tSNR=105.1
2026-09-22T07:36:59.574593 WARN sub-013S4595/ses-01/run-01  reg=7.7s warp=39.4s total=111.2s FD_mean=0.189 tSNR=151.5
2026-09-22T07:38:52.680893 WARN sub-018S4889/ses-01/run-01  reg=10.3s warp=31.2s total=112.8s FD_mean=0.236 tSNR=137.3
2026-09-22T07:41:45.846610 WARN sub-019S4293/ses-01/run-01  reg=11.2s warp=71.1s total=172.9s FD_mean=0.294 tSNR=99.7
2026-09-22T07:44:38.686010 WARN sub-019S4548/ses-01/run-01  reg=11.0s warp=74.3s total=172.4s FD_mean=0.252 tSNR=135.7
2026-09-22T07:46:56.748357 WARN sub-031S4194/ses-01/run-01  reg=14.1s warp=38.4s total=137.7s FD_mean=0.360 tSNR=178.9
2026-09-22T07:49:13.139911 WARN sub-031S4203/ses-01/run-01  reg=13.4s warp=51.6s total=136.1s FD_mean=0.451 tSNR=109.0
2026-09-22T07:51:05.929348 WARN sub-031S4203/ses-02/run-01  reg=11.2s warp=27.6s total=112.6s FD_mean=0.361 tSNR=121.4
2026-09-22T07:53:09.003060 WARN sub-031S4590/ses-01/run-01  reg=8.2s warp=44.5s total=122.7s FD_mean=0.273 tSNR=115.2
2026-09-22T07:55:12.030326 WARN sub-130S4250/ses-01/run-01  reg=8.6s warp=40.6s total=122.8s FD_mean=0.420 tSNR=115.0
2026-09-22T07:57:41.799985 WARN sub-130S4542/ses-01/run-01  reg=11.6s warp=61.8s total=149.5s FD_mean=0.361 tSNR=84.3
2026-09-22T08:00:10.385644 WARN sub-130S4605/ses-01/run-01  reg=10.6s warp=57.0s total=148.3s FD_mean=0.645 tSNR=105.0
2026-09-22T08:02:52.480340 WARN sub-130S4817/ses-01/run-01  reg=10.9s warp=54.7s total=161.8s FD_mean=0.361 tSNR=130.2
2026-09-22T08:02:52.790787 === LMCI COMPLETE: 0 PASS, 21 WARN, 1 FAIL, 0 SKIPPED ===
2026-09-22T08:02:52.791147 GROUP_LMCI_DONE
